// Jest Snapshot v1, https://goo.gl/fbAQLP

exports[`CardList expect to render the CardList component 1`] = `ShallowWrapper {}`;
