// Jest Snapshot v1, https://goo.gl/fbAQLP

exports[`Card expect to render the Card component 1`] = `ShallowWrapper {}`;
